{
    "primitives": {
        "fBoolean": true,
        "fCharacter": "c",
        "fByte": 1,
        "fShort": 2,
        "fInteger": 3,
        "fLong": 4,
        "fFloat": 5.5,
        "fDouble": 6.6,
        "fString": "string",
        "fEnum": "SOURCE"
    },

    "primitives2": {
        "fBoolean": true,
        "fCharacter": "c",
        "fByte": 1,
        "fShort": 2,
        "fInteger": 3,
        "fLong": 4,
        "fFloat": 5.5,
        "fDouble": 6.6,
        "fString": "string",
        "fEnum": "SOURCE"
    },

    "objects": {
        "fBoolean": true,
        "fCharacter": "c",
        "fByte": 1,
        "fShort": 2,
        "fInteger": 3,
        "fLong": 4,
        "fFloat": 5.5,
        "fDouble": 6.6,
        "fString": "string",
        "fEnum": "SOURCE",
        "fUrl": "http://www.codeviation.org",
        "fUri": "http://www.codeviation.org"
    },

    "arrays": {
        "charArray": [
            "x",
            "y",
            "z"
        ],
        "intArray": [
            1,
            2,
            3
        ],
        "stringArray": [
            "A",
            "B",
            "C"
        ],
        "enumArray": [
            "CLASS",
            "RUNTIME"
        ],
        "objectArray": [
            {
                "i": 1,
                "s": "A",
                "rs": null
            },
            {
                "i": 2,
                "s": "B",
                "rs": null
            },
            {
                "i": 3,
                "s": "C",
                "rs": null
            }
        ],
        "empty": []
    },

    "arrays2": {
        "charArray": [
            "x",
            "y",
            "z"
        ],
        "intArray": [
            1,
            2,
            3
        ],
        "stringArray": [
            "A",
            "B",
            "C"
        ],
        "enumArray": [
            "CLASS",
            "RUNTIME"
        ],
        "objectArray": [
            {
                "i": 1,
                "s": "A",
                "rs": null
            },
            {
                "i": 2,
                "s": "B",
                "rs": null
            },
            {
                "i": 3,
                "s": "C",
                "rs": null
            }
        ],
        "empty": []
    }

}