{
    "charList": [
        "x",
        "y",
        "z"
    ],
    "intList": [
        1,
        2,
        3
    ],
    "stringList": [
        "A",
        "B",
        "C"
    ],
    "enumList": [
        "CLASS",
        "RUNTIME"
    ],
    "recordList": [
        {
            "i": 1,
            "s": "A",
            "rs": null
        },
        {
            "i": 2,
            "s": "B",
            "rs": null
        },
        {
            "i": 3,
            "s": "C",
            "rs": null
        }
    ],
    "recordArrayList": [        [
            {
                "i": 1,
                "s": "A",
                "rs": null
            },
            {
                "i": 2,
                "s": "B",
                "rs": null
            }
        ],
        [
            {
                "i": 3,
                "s": "C",
                "rs": null
            }
        ],
        []
    ],
    "empty": []
}