{
    "integer": 100,
    "t1": 0.1,
    "t2": "FFFF"
}