{
    "primitives": null,
    "objects": null,
    "arrays": null
}