{
    "charArray": null,
    "intArray": null,
    "stringArray": null,
    "enumArray": null,
    "objectArray": null,
    "empty": null
}