{
    "ein": 1,
    "zwei": 2,
    "drei": 3,
    "vier": 4
}