{
    "pu": "public",
    "pr": "private",
    "pt": "protected",
    "pa": "package"
}