{
    "strings": {
        "A": "a",
        "B": "b",
        "C": "c"
    },
    "integers": {
        "1": 11,
        "2": 12,
        "3": 13
    },
    "maps": {
        "m1": {
            "A": "a",
            "B": "b",
            "C": "c"
        },
        "m2": {
            "1": 11,
            "2": 12,
            "3": 13
        }
    }
}