{
    "o1": [
        {
            "i": 1,
            "s": "A",
            "rs": null
        },
        {
            "i": 2,
            "s": "B",
            "rs": null
        },
        {
            "i": 3,
            "s": "C",
            "rs": null
        }
    ],
    "o2": {
        "o1": "ahoj",
        "o2": {
            "i": 4,
            "s": "D",
            "rs": null
        }
    }
}